// Jest Snapshot v1, https://goo.gl/fbAQLP

exports[`Should render FlightList Snapshot Should match snapshot 1`] = `null`;
